 RUNS  src/components/Button.test.tsx
 RUNS  src/hooks/useAuth.test.ts
 PASS  src/components/Button.test.tsx
 PASS  src/hooks/useAuth.test.ts
 FAIL  src/api/users.test.ts
  ● UserAPI › deleteUser › should return 404 for unknown user
Test Suites: 1 failed, 2 passed, 3 total
Tests:       1 failed, 8 passed, 9 total
Snapshots:   0 total
Time:        2.341 s
Ran all test suites matching /src\//i.