_________________________ test_delete_user _________________________
E       AssertionError: assert 200 == 404
E        +  where 200 = <Response [200]>.status_code
tests/test_api.py:45: AssertionError
=========================== short test summary info ============================
FAILED tests/test_api.py::test_delete_user - AssertionError: assert 200 == 404
============================== 1 failed, 41 passed in 3.42s ==============================
